[2026-05-10 00:38:59] [INFO] [SYSTEM] SERC OS launched
[2026-05-10 00:39:25] [INFO] [SYSTEM] CLI selected
[2026-05-10 00:39:25] [INFO] [PROCESS] Process manager initialized
[2026-05-10 00:39:25] [INFO] [MEMORY] Memory initialized: 1024 KB
[2026-05-10 00:39:25] [INFO] [FILEMGR] File manager initialized
[2026-05-10 00:39:25] [INFO] [DEADLOCK] Deadlock manager initialized
[2026-05-10 00:40:18] [INFO] [SYSTEM] CLI session ended
[2026-05-10 00:44:09] [INFO] [SYSTEM] SERC OS launched
[2026-05-10 00:44:26] [INFO] [SYSTEM] GUI selected
[2026-05-10 00:44:26] [INFO] [PROCESS] Process manager initialized
[2026-05-10 00:44:26] [INFO] [MEMORY] Memory initialized: 1024 KB
[2026-05-10 00:44:26] [INFO] [FILEMGR] File manager initialized
[2026-05-10 00:44:26] [INFO] [DEADLOCK] Deadlock manager initialized
[2026-05-10 00:44:26] [INFO] [SYSTEM] GUI session started
[2026-05-10 00:50:18] [INFO] [SYSTEM] GUI session ended
[2026-05-10 00:51:22] [INFO] [SYSTEM] SERC OS launched
[2026-05-10 00:51:40] [INFO] [SYSTEM] CLI selected
[2026-05-10 00:51:40] [INFO] [PROCESS] Process manager initialized
[2026-05-10 00:51:40] [INFO] [MEMORY] Memory initialized: 1024 KB
[2026-05-10 00:51:40] [INFO] [FILEMGR] File manager initialized
[2026-05-10 00:51:40] [INFO] [DEADLOCK] Deadlock manager initialized
[2026-05-10 03:12:02] [INFO] [SYSTEM] SERC OS launched
[2026-05-10 03:12:10] [INFO] [SYSTEM] CLI selected
[2026-05-10 03:12:10] [INFO] [PROCESS] Process manager initialized
[2026-05-10 03:12:10] [INFO] [MEMORY] Memory initialized: 1024 KB
[2026-05-10 03:12:10] [INFO] [FILEMGR] File manager initialized
[2026-05-10 03:12:10] [INFO] [DEADLOCK] Deadlock manager initialized
[2026-05-10 03:12:17] [INFO] [SYSTEM] SERC OS launched
[2026-05-10 03:12:32] [INFO] [SYSTEM] GUI selected
[2026-05-10 03:12:32] [INFO] [PROCESS] Process manager initialized
[2026-05-10 03:12:32] [INFO] [MEMORY] Memory initialized: 1024 KB
[2026-05-10 03:12:32] [INFO] [FILEMGR] File manager initialized
[2026-05-10 03:12:32] [INFO] [DEADLOCK] Deadlock manager initialized
[2026-05-10 03:12:32] [INFO] [SYSTEM] GUI session started
[2026-05-10 03:12:56] [ERROR] [MEMORY] Invalid allocation size
[2026-05-10 03:13:05] [INFO] [SYSTEM] GUI session ended
[2026-05-11 12:02:29] [INFO] [SYSTEM] SERC OS launched
[2026-05-11 12:02:42] [INFO] [SYSTEM] GUI selected
[2026-05-11 12:02:43] [INFO] [PROCESS] Process manager initialized
[2026-05-11 12:02:43] [INFO] [MEMORY] Memory initialized: 1024 KB
[2026-05-11 12:02:43] [INFO] [FILEMGR] File manager initialized
[2026-05-11 12:02:43] [INFO] [DEADLOCK] Deadlock manager initialized
[2026-05-11 12:02:43] [INFO] [SYSTEM] GUI session started
[2026-05-11 12:15:40] [INFO] [SYSTEM] SERC OS launched
[2026-05-11 12:15:42] [INFO] [SYSTEM] GUI selected
[2026-05-11 12:15:42] [INFO] [PROCESS] Process manager initialized
[2026-05-11 12:15:42] [INFO] [MEMORY] Memory initialized: 1024 KB
[2026-05-11 12:15:42] [INFO] [FILEMGR] File manager initialized
[2026-05-11 12:15:42] [INFO] [DEADLOCK] Deadlock manager initialized
[2026-05-11 12:15:43] [INFO] [SYSTEM] GUI session started
[2026-05-11 12:21:52] [INFO] [SYSTEM] SERC OS launched
[2026-05-11 12:21:56] [INFO] [SYSTEM] GUI selected
[2026-05-11 12:21:56] [INFO] [PROCESS] Process manager initialized
[2026-05-11 12:21:56] [INFO] [MEMORY] Memory initialized: 1024 KB
[2026-05-11 12:21:56] [INFO] [FILEMGR] File manager initialized
[2026-05-11 12:21:56] [INFO] [DEADLOCK] Deadlock manager initialized
[2026-05-11 12:21:56] [INFO] [SYSTEM] GUI session started
[2026-05-11 12:22:02] [INFO] [SYSTEM] GUI session ended
